Archive member included because of file (symbol)

c:/winavr-20090313/bin/../lib/gcc/avr/4.3.2/avr5\libgcc.a(_exit.o)
                              c:/winavr-20090313/bin/../lib/gcc/avr/4.3.2/../../../../avr/lib/avr5/crtm168.o (exit)
c:/winavr-20090313/bin/../lib/gcc/avr/4.3.2/avr5\libgcc.a(_copy_data.o)
                              main.o (__do_copy_data)
c:/winavr-20090313/bin/../lib/gcc/avr/4.3.2/avr5\libgcc.a(_clear_bss.o)
                              heap_1.o (__do_clear_bss)
c:/winavr-20090313/bin/../lib/gcc/avr/4.3.2/../../../../avr/lib/avr5\libc.a(memcpy.o)
                              queue.o (memcpy)
c:/winavr-20090313/bin/../lib/gcc/avr/4.3.2/../../../../avr/lib/avr5\libc.a(memset.o)
                              tasks.o (memset)
c:/winavr-20090313/bin/../lib/gcc/avr/4.3.2/../../../../avr/lib/avr5\libc.a(strncpy.o)
                              tasks.o (strncpy)

Memory Configuration

Name             Origin             Length             Attributes
text             0x00000000         0x00020000         xr
data             0x00800060         0x0000ffa0         rw !x
eeprom           0x00810000         0x00010000         rw !x
fuse             0x00820000         0x00000400         rw !x
lock             0x00830000         0x00000400         rw !x
signature        0x00840000         0x00000400         rw !x
*default*        0x00000000         0xffffffff

Linker script and memory map

Address of section .data set to 0x800100
LOAD c:/winavr-20090313/bin/../lib/gcc/avr/4.3.2/../../../../avr/lib/avr5/crtm168.o
LOAD heap_1.o
LOAD list.o
LOAD main.o
LOAD port.o
LOAD queue.o
LOAD tasks.o
LOAD c:/winavr-20090313/bin/../lib/gcc/avr/4.3.2/../../../../avr/lib/avr5\libm.a
LOAD c:/winavr-20090313/bin/../lib/gcc/avr/4.3.2/avr5\libgcc.a
LOAD c:/winavr-20090313/bin/../lib/gcc/avr/4.3.2/../../../../avr/lib/avr5\libc.a
LOAD c:/winavr-20090313/bin/../lib/gcc/avr/4.3.2/avr5\libgcc.a

.hash
 *(.hash)

.dynsym
 *(.dynsym)

.dynstr
 *(.dynstr)

.gnu.version
 *(.gnu.version)

.gnu.version_d
 *(.gnu.version_d)

.gnu.version_r
 *(.gnu.version_r)

.rel.init
 *(.rel.init)

.rela.init
 *(.rela.init)

.rel.text
 *(.rel.text)
 *(.rel.text.*)
 *(.rel.gnu.linkonce.t*)

.rela.text
 *(.rela.text)
 *(.rela.text.*)
 *(.rela.gnu.linkonce.t*)

.rel.fini
 *(.rel.fini)

.rela.fini
 *(.rela.fini)

.rel.rodata
 *(.rel.rodata)
 *(.rel.rodata.*)
 *(.rel.gnu.linkonce.r*)

.rela.rodata
 *(.rela.rodata)
 *(.rela.rodata.*)
 *(.rela.gnu.linkonce.r*)

.rel.data
 *(.rel.data)
 *(.rel.data.*)
 *(.rel.gnu.linkonce.d*)

.rela.data
 *(.rela.data)
 *(.rela.data.*)
 *(.rela.gnu.linkonce.d*)

.rel.ctors
 *(.rel.ctors)

.rela.ctors
 *(.rela.ctors)

.rel.dtors
 *(.rel.dtors)

.rela.dtors
 *(.rela.dtors)

.rel.got
 *(.rel.got)

.rela.got
 *(.rela.got)

.rel.bss
 *(.rel.bss)

.rela.bss
 *(.rela.bss)

.rel.plt
 *(.rel.plt)

.rela.plt
 *(.rela.plt)

.text           0x00000000     0x18ce
 *(.vectors)
 .vectors       0x00000000       0x68 c:/winavr-20090313/bin/../lib/gcc/avr/4.3.2/../../../../avr/lib/avr5/crtm168.o
                0x00000000                __vectors
                0x00000000                __vector_default
 *(.vectors)
 *(.progmem.gcc*)
 *(.progmem*)
                0x00000068                . = ALIGN (0x2)
                0x00000068                __trampolines_start = .
 *(.trampolines)
 .trampolines   0x00000068        0x0 linker stubs
 *(.trampolines*)
                0x00000068                __trampolines_end = .
 *(.jumptables)
 *(.jumptables*)
 *(.lowtext)
 *(.lowtext*)
                0x00000068                __ctors_start = .
 *(.ctors)
                0x00000068                __ctors_end = .
                0x00000068                __dtors_start = .
 *(.dtors)
                0x00000068                __dtors_end = .
 SORT(*)(.ctors)
 SORT(*)(.dtors)
 *(.init0)
 .init0         0x00000068        0x0 c:/winavr-20090313/bin/../lib/gcc/avr/4.3.2/../../../../avr/lib/avr5/crtm168.o
                0x00000068                __init
 *(.init0)
 *(.init1)
 *(.init1)
 *(.init2)
 .init2         0x00000068        0xc c:/winavr-20090313/bin/../lib/gcc/avr/4.3.2/../../../../avr/lib/avr5/crtm168.o
 *(.init2)
 *(.init3)
 *(.init3)
 *(.init4)
 .init4         0x00000074       0x16 c:/winavr-20090313/bin/../lib/gcc/avr/4.3.2/avr5\libgcc.a(_copy_data.o)
                0x00000074                __do_copy_data
 .init4         0x0000008a       0x10 c:/winavr-20090313/bin/../lib/gcc/avr/4.3.2/avr5\libgcc.a(_clear_bss.o)
                0x0000008a                __do_clear_bss
 *(.init4)
 *(.init5)
 *(.init5)
 *(.init6)
 *(.init6)
 *(.init7)
 *(.init7)
 *(.init8)
 *(.init8)
 *(.init9)
 .init9         0x0000009a        0x8 c:/winavr-20090313/bin/../lib/gcc/avr/4.3.2/../../../../avr/lib/avr5/crtm168.o
 *(.init9)
 *(.text)
 .text          0x000000a2        0x4 c:/winavr-20090313/bin/../lib/gcc/avr/4.3.2/../../../../avr/lib/avr5/crtm168.o
                0x000000a2                __vector_22
                0x000000a2                __vector_1
                0x000000a2                __vector_24
                0x000000a2                __vector_12
                0x000000a2                __bad_interrupt
                0x000000a2                __vector_6
                0x000000a2                __vector_3
                0x000000a2                __vector_23
                0x000000a2                __vector_25
                0x000000a2                __vector_13
                0x000000a2                __vector_17
                0x000000a2                __vector_19
                0x000000a2                __vector_7
                0x000000a2                __vector_5
                0x000000a2                __vector_4
                0x000000a2                __vector_9
                0x000000a2                __vector_2
                0x000000a2                __vector_21
                0x000000a2                __vector_15
                0x000000a2                __vector_8
                0x000000a2                __vector_10
                0x000000a2                __vector_16
                0x000000a2                __vector_18
                0x000000a2                __vector_20
 .text          0x000000a6       0x5a heap_1.o
                0x000000a6                vPortFree
                0x000000b2                pvPortMalloc
                0x000000a8                vPortInitialiseBlocks
 .text          0x00000100      0x134 list.o
                0x00000128                vListInsertEnd
                0x000001e4                vListRemove
                0x00000120                vListInitialiseItem
                0x00000100                vListInitialise
                0x0000017a                vListInsert
 .text          0x00000234      0x316 main.o
                0x00000496                displayTask
                0x000002a0                runTaskForPeriod
                0x00000388                pollButtonsTask
                0x00000404                changeTask
                0x000004c4                main
                0x0000027e                setupTimer0
                0x00000234                __vector_14
 .text          0x0000054a      0x274 port.o
                0x000005da                xPortStartScheduler
                0x00000650                vPortYieldFromTick
                0x0000064e                vPortEndScheduler
                0x00000706                __vector_11
                0x0000070c                vPortYield
                0x0000054a                pxPortInitialiseStack
 .text          0x000007be      0x61e queue.o
                0x00000912                xQueueGenericSendFromISR
                0x00000d16                xQueueCreate
                0x000007f6                vQueueDelete
                0x00000ba6                xQueueGenericSend
                0x00000812                xQueueReceiveFromISR
                0x000007e4                xQueueIsQueueFullFromISR
                0x000009e2                xQueueGenericReceive
                0x000007be                uxQueueMessagesWaiting
                0x000007ce                uxQueueMessagesWaitingFromISR
                0x000007d4                xQueueIsQueueEmptyFromISR
 .text          0x00000ddc      0xab0 tasks.o
                0x000015d6                vTaskEndScheduler
                0x0000116c                vTaskPlaceOnEventList
                0x00000ddc                xTaskIsTaskSuspended
                0x000010d0                xTaskResumeFromISR
                0x00000e1a                xTaskGetTickCount
                0x00000f5e                xTaskRemoveFromEventList
                0x00001546                vTaskDelete
                0x00000eda                xTaskCheckForTimeOut
                0x00000e04                vTaskSuspendAll
                0x000012f8                vTaskResume
                0x00000e40                vTaskSwitchContext
                0x0000138a                vTaskSuspend
                0x00000e30                uxTaskGetNumberOfTasks
                0x00000fe4                vTaskIncrementTick
                0x0000148e                vTaskDelayUntil
                0x000011fc                xTaskResumeAll
                0x0000184e                vTaskStartScheduler
                0x00000f56                vTaskMissedYield
                0x00001670                xTaskCreate
                0x00001408                vTaskDelay
                0x00000ec4                vTaskSetTimeOutState
 .text          0x0000188c        0x0 c:/winavr-20090313/bin/../lib/gcc/avr/4.3.2/avr5\libgcc.a(_exit.o)
 .text          0x0000188c        0x0 c:/winavr-20090313/bin/../lib/gcc/avr/4.3.2/avr5\libgcc.a(_copy_data.o)
 .text          0x0000188c        0x0 c:/winavr-20090313/bin/../lib/gcc/avr/4.3.2/avr5\libgcc.a(_clear_bss.o)
 .text          0x0000188c       0x12 c:/winavr-20090313/bin/../lib/gcc/avr/4.3.2/../../../../avr/lib/avr5\libc.a(memcpy.o)
                0x0000188c                memcpy
 .text          0x0000189e        0xe c:/winavr-20090313/bin/../lib/gcc/avr/4.3.2/../../../../avr/lib/avr5\libc.a(memset.o)
                0x0000189e                memset
 .text          0x000018ac       0x1e c:/winavr-20090313/bin/../lib/gcc/avr/4.3.2/../../../../avr/lib/avr5\libc.a(strncpy.o)
                0x000018ac                strncpy
                0x000018ca                . = ALIGN (0x2)
 *(.text.*)
 .text.libgcc   0x000018ca        0x0 c:/winavr-20090313/bin/../lib/gcc/avr/4.3.2/avr5\libgcc.a(_exit.o)
 .text.libgcc   0x000018ca        0x0 c:/winavr-20090313/bin/../lib/gcc/avr/4.3.2/avr5\libgcc.a(_copy_data.o)
 .text.libgcc   0x000018ca        0x0 c:/winavr-20090313/bin/../lib/gcc/avr/4.3.2/avr5\libgcc.a(_clear_bss.o)
                0x000018ca                . = ALIGN (0x2)
 *(.fini9)
 .fini9         0x000018ca        0x0 c:/winavr-20090313/bin/../lib/gcc/avr/4.3.2/avr5\libgcc.a(_exit.o)
                0x000018ca                exit
                0x000018ca                _exit
 *(.fini9)
 *(.fini8)
 *(.fini8)
 *(.fini7)
 *(.fini7)
 *(.fini6)
 *(.fini6)
 *(.fini5)
 *(.fini5)
 *(.fini4)
 *(.fini4)
 *(.fini3)
 *(.fini3)
 *(.fini2)
 *(.fini2)
 *(.fini1)
 *(.fini1)
 *(.fini0)
 .fini0         0x000018ca        0x4 c:/winavr-20090313/bin/../lib/gcc/avr/4.3.2/avr5\libgcc.a(_exit.o)
 *(.fini0)
                0x000018ce                _etext = .

.data           0x00800100       0x10 load address 0x000018ce
                0x00800100                PROVIDE (__data_start, .)
 *(.data)
 .data          0x00800100        0x0 c:/winavr-20090313/bin/../lib/gcc/avr/4.3.2/../../../../avr/lib/avr5/crtm168.o
 .data          0x00800100        0x0 heap_1.o
 .data          0x00800100        0x0 list.o
 .data          0x00800100        0xa main.o
                0x00800104                m2b
                0x00800108                display_interval
                0x00800100                m1b
 .data          0x0080010a        0x0 port.o
 .data          0x0080010a        0x0 queue.o
 .data          0x0080010a        0x5 tasks.o
 .data          0x0080010f        0x0 c:/winavr-20090313/bin/../lib/gcc/avr/4.3.2/avr5\libgcc.a(_exit.o)
 .data          0x0080010f        0x0 c:/winavr-20090313/bin/../lib/gcc/avr/4.3.2/avr5\libgcc.a(_copy_data.o)
 .data          0x0080010f        0x0 c:/winavr-20090313/bin/../lib/gcc/avr/4.3.2/avr5\libgcc.a(_clear_bss.o)
 .data          0x0080010f        0x0 c:/winavr-20090313/bin/../lib/gcc/avr/4.3.2/../../../../avr/lib/avr5\libc.a(memcpy.o)
 .data          0x0080010f        0x0 c:/winavr-20090313/bin/../lib/gcc/avr/4.3.2/../../../../avr/lib/avr5\libc.a(memset.o)
 .data          0x0080010f        0x0 c:/winavr-20090313/bin/../lib/gcc/avr/4.3.2/../../../../avr/lib/avr5\libc.a(strncpy.o)
 *(.data*)
 *(.rodata)
 *(.rodata*)
 *(.gnu.linkonce.d*)
                0x00800110                . = ALIGN (0x2)
 *fill*         0x0080010f        0x1 00
                0x00800110                _edata = .
                0x00800110                PROVIDE (__data_end, .)

.bss            0x00800110      0x303
                0x00800110                PROVIDE (__bss_start, .)
 *(.bss)
 .bss           0x00800110        0x0 c:/winavr-20090313/bin/../lib/gcc/avr/4.3.2/../../../../avr/lib/avr5/crtm168.o
 .bss           0x00800110      0x290 heap_1.o
 .bss           0x008003a0        0x0 list.o
 .bss           0x008003a0       0x11 main.o
                0x008003a4                pB
                0x008003a0                displayTaskHandle
                0x008003a6                state
                0x008003ac                pushedButton
                0x008003a2                currentSymbolIndex
                0x008003a8                display_last
 .bss           0x008003b1        0x0 port.o
 .bss           0x008003b1        0x0 queue.o
 .bss           0x008003b1       0x62 tasks.o
                0x008003b1                pxCurrentTCB
 .bss           0x00800413        0x0 c:/winavr-20090313/bin/../lib/gcc/avr/4.3.2/avr5\libgcc.a(_exit.o)
 .bss           0x00800413        0x0 c:/winavr-20090313/bin/../lib/gcc/avr/4.3.2/avr5\libgcc.a(_copy_data.o)
 .bss           0x00800413        0x0 c:/winavr-20090313/bin/../lib/gcc/avr/4.3.2/avr5\libgcc.a(_clear_bss.o)
 .bss           0x00800413        0x0 c:/winavr-20090313/bin/../lib/gcc/avr/4.3.2/../../../../avr/lib/avr5\libc.a(memcpy.o)
 .bss           0x00800413        0x0 c:/winavr-20090313/bin/../lib/gcc/avr/4.3.2/../../../../avr/lib/avr5\libc.a(memset.o)
 .bss           0x00800413        0x0 c:/winavr-20090313/bin/../lib/gcc/avr/4.3.2/../../../../avr/lib/avr5\libc.a(strncpy.o)
 *(.bss*)
 *(COMMON)
                0x00800413                PROVIDE (__bss_end, .)
                0x000018ce                __data_load_start = LOADADDR (.data)
                0x000018de                __data_load_end = (__data_load_start + SIZEOF (.data))

.noinit         0x00800413        0x0
                0x00800413                PROVIDE (__noinit_start, .)
 *(.noinit*)
                0x00800413                PROVIDE (__noinit_end, .)
                0x00800413                _end = .
                0x00800413                PROVIDE (__heap_start, .)

.eeprom         0x00810000        0x0
 *(.eeprom*)
                0x00810000                __eeprom_end = .

.fuse
 *(.fuse)
 *(.lfuse)
 *(.hfuse)
 *(.efuse)

.lock
 *(.lock*)

.signature
 *(.signature*)

.stab
 *(.stab)

.stabstr
 *(.stabstr)

.stab.excl
 *(.stab.excl)

.stab.exclstr
 *(.stab.exclstr)

.stab.index
 *(.stab.index)

.stab.indexstr
 *(.stab.indexstr)

.comment
 *(.comment)

.debug
 *(.debug)

.line
 *(.line)

.debug_srcinfo
 *(.debug_srcinfo)

.debug_sfnames
 *(.debug_sfnames)

.debug_aranges  0x00000000       0xc0
 *(.debug_aranges)
 .debug_aranges
                0x00000000       0x20 heap_1.o
 .debug_aranges
                0x00000020       0x20 list.o
 .debug_aranges
                0x00000040       0x20 main.o
 .debug_aranges
                0x00000060       0x20 port.o
 .debug_aranges
                0x00000080       0x20 queue.o
 .debug_aranges
                0x000000a0       0x20 tasks.o

.debug_pubnames
                0x00000000      0x54e
 *(.debug_pubnames)
 .debug_pubnames
                0x00000000       0x4b heap_1.o
 .debug_pubnames
                0x0000004b       0x71 list.o
 .debug_pubnames
                0x000000bc      0x108 main.o
 .debug_pubnames
                0x000001c4       0x90 port.o
 .debug_pubnames
                0x00000254      0x111 queue.o
 .debug_pubnames
                0x00000365      0x1e9 tasks.o

.debug_info     0x00000000     0x1b5a
 *(.debug_info)
 .debug_info    0x00000000      0x14b heap_1.o
 .debug_info    0x0000014b      0x2b1 list.o
 .debug_info    0x000003fc      0x244 main.o
 .debug_info    0x00000640      0x1b8 port.o
 .debug_info    0x000007f8      0x767 queue.o
 .debug_info    0x00000f5f      0xbfb tasks.o
 *(.gnu.linkonce.wi.*)

.debug_abbrev   0x00000000      0x829
 *(.debug_abbrev)
 .debug_abbrev  0x00000000       0xf8 heap_1.o
 .debug_abbrev  0x000000f8       0xdd list.o
 .debug_abbrev  0x000001d5      0x136 main.o
 .debug_abbrev  0x0000030b      0x10f port.o
 .debug_abbrev  0x0000041a      0x1aa queue.o
 .debug_abbrev  0x000005c4      0x265 tasks.o

.debug_line     0x00000000     0x1694
 *(.debug_line)
 .debug_line    0x00000000       0xf2 heap_1.o
 .debug_line    0x000000f2      0x1af list.o
 .debug_line    0x000002a1      0x293 main.o
 .debug_line    0x00000534      0x28a port.o
 .debug_line    0x000007be      0x60f queue.o
 .debug_line    0x00000dcd      0x8c7 tasks.o

.debug_frame    0x00000000      0x3d0
 *(.debug_frame)
 .debug_frame   0x00000000       0x40 heap_1.o
 .debug_frame   0x00000040       0x60 list.o
 .debug_frame   0x000000a0       0x80 main.o
 .debug_frame   0x00000120       0x70 port.o
 .debug_frame   0x00000190       0xd0 queue.o
 .debug_frame   0x00000260      0x170 tasks.o

.debug_str      0x00000000      0xbe9
 *(.debug_str)
 .debug_str     0x00000000       0xe7 heap_1.o
                                0x120 (size before relaxing)
 .debug_str     0x000000e7      0x135 list.o
                                0x1d8 (size before relaxing)
 .debug_str     0x0000021c      0x11b main.o
                                0x1a0 (size before relaxing)
 .debug_str     0x00000337       0xe2 port.o
                                0x17f (size before relaxing)
 .debug_str     0x00000419      0x2e2 queue.o
                                0x442 (size before relaxing)
 .debug_str     0x000006fb      0x4ee tasks.o
                                0x6a6 (size before relaxing)

.debug_loc      0x00000000      0xe93
 *(.debug_loc)
 .debug_loc     0x00000000       0x50 heap_1.o
 .debug_loc     0x00000050      0x100 list.o
 .debug_loc     0x00000150       0xa8 main.o
 .debug_loc     0x000001f8       0x3b port.o
 .debug_loc     0x00000233      0x641 queue.o
 .debug_loc     0x00000874      0x61f tasks.o

.debug_macinfo
 *(.debug_macinfo)
OUTPUT(FreeRTOS.elf elf32-avr)
LOAD linker stubs

.debug_ranges   0x00000000       0x18
 .debug_ranges  0x00000000       0x18 tasks.o
